------------------------------------------------------------
Timing Analyzer Summary
------------------------------------------------------------

Type  : Slow 1100mV 85C Model Setup 'clock25mh:clock|contador_parametrizable:divisor_clock|contador[0]'
Slack : -4.697
TNS   : -124.972

Type  : Slow 1100mV 85C Model Setup 'clock_50'
Slack : -3.636
TNS   : -7318.833

Type  : Slow 1100mV 85C Model Setup 'controlador_vga:controlador|contador_horizontal:contador_horizontal|contador_parametrizable:contador|contador[0]'
Slack : -2.158
TNS   : -28.576

Type  : Slow 1100mV 85C Model Hold 'clock_50'
Slack : 0.240
TNS   : 0.000

Type  : Slow 1100mV 85C Model Hold 'clock25mh:clock|contador_parametrizable:divisor_clock|contador[0]'
Slack : 0.418
TNS   : 0.000

Type  : Slow 1100mV 85C Model Hold 'controlador_vga:controlador|contador_horizontal:contador_horizontal|contador_parametrizable:contador|contador[0]'
Slack : 0.990
TNS   : 0.000

Type  : Slow 1100mV 85C Model Minimum Pulse Width 'clock_50'
Slack : -2.174
TNS   : -32225.074

Type  : Slow 1100mV 85C Model Minimum Pulse Width 'clock25mh:clock|contador_parametrizable:divisor_clock|contador[0]'
Slack : -0.394
TNS   : -15.073

Type  : Slow 1100mV 85C Model Minimum Pulse Width 'controlador_vga:controlador|contador_horizontal:contador_horizontal|contador_parametrizable:contador|contador[0]'
Slack : -0.394
TNS   : -7.738

Type  : Slow 1100mV 0C Model Setup 'clock25mh:clock|contador_parametrizable:divisor_clock|contador[0]'
Slack : -4.466
TNS   : -119.934

Type  : Slow 1100mV 0C Model Setup 'clock_50'
Slack : -3.192
TNS   : -6395.351

Type  : Slow 1100mV 0C Model Setup 'controlador_vga:controlador|contador_horizontal:contador_horizontal|contador_parametrizable:contador|contador[0]'
Slack : -2.248
TNS   : -28.873

Type  : Slow 1100mV 0C Model Hold 'clock_50'
Slack : -0.156
TNS   : -0.740

Type  : Slow 1100mV 0C Model Hold 'clock25mh:clock|contador_parametrizable:divisor_clock|contador[0]'
Slack : 0.435
TNS   : 0.000

Type  : Slow 1100mV 0C Model Hold 'controlador_vga:controlador|contador_horizontal:contador_horizontal|contador_parametrizable:contador|contador[0]'
Slack : 0.960
TNS   : 0.000

Type  : Slow 1100mV 0C Model Minimum Pulse Width 'clock_50'
Slack : -2.174
TNS   : -32157.988

Type  : Slow 1100mV 0C Model Minimum Pulse Width 'clock25mh:clock|contador_parametrizable:divisor_clock|contador[0]'
Slack : -0.394
TNS   : -14.946

Type  : Slow 1100mV 0C Model Minimum Pulse Width 'controlador_vga:controlador|contador_horizontal:contador_horizontal|contador_parametrizable:contador|contador[0]'
Slack : -0.394
TNS   : -7.672

Type  : Fast 1100mV 85C Model Setup 'clock_50'
Slack : -2.668
TNS   : -5033.219

Type  : Fast 1100mV 85C Model Setup 'clock25mh:clock|contador_parametrizable:divisor_clock|contador[0]'
Slack : -2.559
TNS   : -68.201

Type  : Fast 1100mV 85C Model Setup 'controlador_vga:controlador|contador_horizontal:contador_horizontal|contador_parametrizable:contador|contador[0]'
Slack : -0.968
TNS   : -12.589

Type  : Fast 1100mV 85C Model Hold 'clock_50'
Slack : 0.058
TNS   : 0.000

Type  : Fast 1100mV 85C Model Hold 'clock25mh:clock|contador_parametrizable:divisor_clock|contador[0]'
Slack : 0.137
TNS   : 0.000

Type  : Fast 1100mV 85C Model Hold 'controlador_vga:controlador|contador_horizontal:contador_horizontal|contador_parametrizable:contador|contador[0]'
Slack : 0.525
TNS   : 0.000

Type  : Fast 1100mV 85C Model Minimum Pulse Width 'clock_50'
Slack : -2.174
TNS   : -32096.380

Type  : Fast 1100mV 85C Model Minimum Pulse Width 'clock25mh:clock|contador_parametrizable:divisor_clock|contador[0]'
Slack : 0.107
TNS   : 0.000

Type  : Fast 1100mV 85C Model Minimum Pulse Width 'controlador_vga:controlador|contador_horizontal:contador_horizontal|contador_parametrizable:contador|contador[0]'
Slack : 0.139
TNS   : 0.000

Type  : Fast 1100mV 0C Model Setup 'clock25mh:clock|contador_parametrizable:divisor_clock|contador[0]'
Slack : -2.309
TNS   : -61.067

Type  : Fast 1100mV 0C Model Setup 'clock_50'
Slack : -2.102
TNS   : -3772.756

Type  : Fast 1100mV 0C Model Setup 'controlador_vga:controlador|contador_horizontal:contador_horizontal|contador_parametrizable:contador|contador[0]'
Slack : -0.877
TNS   : -11.145

Type  : Fast 1100mV 0C Model Hold 'clock_50'
Slack : -0.225
TNS   : -9.781

Type  : Fast 1100mV 0C Model Hold 'clock25mh:clock|contador_parametrizable:divisor_clock|contador[0]'
Slack : 0.123
TNS   : 0.000

Type  : Fast 1100mV 0C Model Hold 'controlador_vga:controlador|contador_horizontal:contador_horizontal|contador_parametrizable:contador|contador[0]'
Slack : 0.472
TNS   : 0.000

Type  : Fast 1100mV 0C Model Minimum Pulse Width 'clock_50'
Slack : -2.174
TNS   : -32115.226

Type  : Fast 1100mV 0C Model Minimum Pulse Width 'clock25mh:clock|contador_parametrizable:divisor_clock|contador[0]'
Slack : 0.110
TNS   : 0.000

Type  : Fast 1100mV 0C Model Minimum Pulse Width 'controlador_vga:controlador|contador_horizontal:contador_horizontal|contador_parametrizable:contador|contador[0]'
Slack : 0.137
TNS   : 0.000

------------------------------------------------------------
